[21:53Z] watcher started (baseline: WAITING_FOR_REVIEW)
[21:53Z] still WAITING_FOR_REVIEW (check 1/336)
[22:23Z] still WAITING_FOR_REVIEW (check 2/336)
[2026-09-08T22:32Z] cron: WAITING_FOR_REVIEW
[2026-09-08T22:35Z] cron: WAITING_FOR_REVIEW
[2026-09-08T23:05Z] cron: WAITING_FOR_REVIEW
[2026-09-08T23:35Z] cron: WAITING_FOR_REVIEW
[2026-09-09T00:05Z] cron: WAITING_FOR_REVIEW
[2026-09-09T00:35Z] cron: WAITING_FOR_REVIEW
[2026-09-09T01:05Z] cron: WAITING_FOR_REVIEW
[2026-09-09T01:35Z] cron: WAITING_FOR_REVIEW
[2026-09-09T02:05Z] cron: WAITING_FOR_REVIEW
[2026-09-09T02:35Z] cron: WAITING_FOR_REVIEW
[2026-09-09T03:05Z] cron: WAITING_FOR_REVIEW
[2026-09-09T03:35Z] cron: WAITING_FOR_REVIEW
[2026-09-09T04:05Z] cron: WAITING_FOR_REVIEW
[2026-09-09T04:35Z] cron: null
[2026-09-09T05:05Z] cron: WAITING_FOR_REVIEW
[2026-09-09T05:35Z] cron: WAITING_FOR_REVIEW
[2026-09-09T06:05Z] cron: WAITING_FOR_REVIEW
[2026-09-09T06:36Z] cron: WAITING_FOR_REVIEW
[2026-09-09T07:06Z] cron: WAITING_FOR_REVIEW
[2026-09-09T07:36Z] cron: WAITING_FOR_REVIEW
[2026-09-09T08:06Z] cron: WAITING_FOR_REVIEW
[2026-09-09T08:36Z] cron: WAITING_FOR_REVIEW
[2026-09-09T09:06Z] cron: WAITING_FOR_REVIEW
[2026-09-09T09:36Z] cron: WAITING_FOR_REVIEW
[2026-09-09T10:06Z] cron: WAITING_FOR_REVIEW
[2026-09-09T10:36Z] cron: WAITING_FOR_REVIEW
[2026-09-09T11:06Z] cron: WAITING_FOR_REVIEW
[2026-09-09T11:36Z] cron: WAITING_FOR_REVIEW
[2026-09-09T12:06Z] cron: WAITING_FOR_REVIEW
[2026-09-09T12:36Z] cron: WAITING_FOR_REVIEW
[2026-09-09T13:06Z] cron: WAITING_FOR_REVIEW
[2026-09-09T13:36Z] cron: WAITING_FOR_REVIEW
[2026-09-09T14:06Z] cron: WAITING_FOR_REVIEW
[2026-09-09T14:36Z] cron: WAITING_FOR_REVIEW
[2026-09-09T15:06Z] cron: WAITING_FOR_REVIEW
[2026-09-09T15:36Z] cron: WAITING_FOR_REVIEW
[2026-09-09T16:06Z] cron: WAITING_FOR_REVIEW
[2026-09-09T16:36Z] cron: WAITING_FOR_REVIEW
[2026-09-09T17:06Z] cron: null
[2026-09-09T17:36Z] cron: null
[2026-09-09T18:06Z] cron: WAITING_FOR_REVIEW
[2026-09-09T18:36Z] cron: WAITING_FOR_REVIEW
[2026-09-09T19:06Z] cron: WAITING_FOR_REVIEW
[2026-09-09T19:36Z] cron: WAITING_FOR_REVIEW
[2026-09-09T20:06Z] cron: WAITING_FOR_REVIEW
[2026-09-09T20:36Z] cron: WAITING_FOR_REVIEW
[2026-09-09T21:06Z] cron: WAITING_FOR_REVIEW
[2026-09-09T21:36Z] cron: null
[2026-09-09T22:06Z] cron: null
[2026-09-09T22:36Z] cron: WAITING_FOR_REVIEW
[2026-09-09T23:06Z] cron: WAITING_FOR_REVIEW
[2026-09-09T23:36Z] cron: WAITING_FOR_REVIEW
[2026-09-10T00:06Z] cron: null
[2026-09-10T00:36Z] cron: null
[2026-09-10T01:06Z] *** CHANGE *** WAITING_FOR_REVIEW -> REJECTED
[2026-09-10T01:36Z] cron: null
[2026-09-10T02:06Z] cron: null
[2026-09-10T02:36Z] cron: null
[2026-09-10T03:06Z] cron: null
[2026-09-10T03:36Z] cron: null
[2026-09-10T04:06Z] cron: null
[2026-09-10T04:36Z] cron: REJECTED (already notified)
[2026-09-10T05:06Z] cron: null
[2026-09-10T05:36Z] cron: REJECTED (already notified)
[2026-09-10T06:06Z] cron: REJECTED (already notified)
[2026-09-10T06:36Z] cron: REJECTED (already notified)
[2026-09-10T07:06Z] cron: REJECTED (already notified)
[2026-09-10T07:36Z] cron: REJECTED (already notified)
[2026-09-10T08:06Z] cron: REJECTED (already notified)
[2026-09-10T08:36Z] cron: REJECTED (already notified)
[2026-09-10T09:06Z] cron: REJECTED (already notified)
[2026-09-10T09:36Z] cron: REJECTED (already notified)
[2026-09-10T10:07Z] cron: REJECTED (already notified)
[2026-09-10T10:37Z] cron: REJECTED (already notified)
[2026-09-10T11:07Z] cron: REJECTED (already notified)
[2026-09-10T11:37Z] cron: REJECTED (already notified)
[2026-09-10T12:07Z] cron: REJECTED (already notified)
[2026-09-10T12:37Z] cron: REJECTED (already notified)
[2026-09-10T13:07Z] cron: REJECTED (already notified)
[2026-09-10T13:37Z] cron: REJECTED (already notified)
[2026-09-10T14:07Z] cron: REJECTED (already notified)
[2026-09-10T14:37Z] cron: REJECTED (already notified)
[2026-09-10T15:07Z] cron: REJECTED (already notified)
[2026-09-10T15:37Z] cron: REJECTED (already notified)
[2026-09-10T16:07Z] cron: REJECTED (already notified)
[2026-09-10T16:37Z] cron: REJECTED (already notified)
[2026-09-10T17:07Z] cron: REJECTED (already notified)
[2026-09-10T17:37Z] cron: REJECTED (already notified)
[2026-09-10T18:07Z] cron: REJECTED (already notified)
[2026-09-10T18:37Z] cron: REJECTED (already notified)
[2026-09-10T19:07Z] cron: REJECTED (already notified)
[2026-09-10T19:37Z] cron: REJECTED (already notified)
[2026-09-10T20:07Z] cron: REJECTED (already notified)
[2026-09-10T20:37Z] cron: REJECTED (already notified)
[2026-09-10T21:07Z] cron: REJECTED (already notified)
[2026-09-10T21:37Z] cron: REJECTED (already notified)
[2026-09-10T22:07Z] cron: REJECTED (already notified)
[2026-09-10T22:37Z] cron: REJECTED (already notified)
[2026-09-10T23:07Z] cron: REJECTED (already notified)
[2026-09-10T23:37Z] cron: REJECTED (already notified)
[2026-09-11T00:07Z] cron: REJECTED (already notified)
[2026-09-11T00:37Z] cron: REJECTED (already notified)
[2026-09-11T01:07Z] cron: REJECTED (already notified)
[2026-09-11T01:37Z] cron: WAITING_FOR_REVIEW
[2026-09-11T02:07Z] cron: WAITING_FOR_REVIEW
[2026-09-11T02:37Z] cron: WAITING_FOR_REVIEW
[2026-09-11T03:07Z] cron: WAITING_FOR_REVIEW
[2026-09-11T03:37Z] cron: WAITING_FOR_REVIEW
[2026-09-11T04:07Z] cron: WAITING_FOR_REVIEW
[2026-09-11T04:37Z] cron: WAITING_FOR_REVIEW
[2026-09-11T05:07Z] cron: WAITING_FOR_REVIEW
[2026-09-11T05:37Z] cron: WAITING_FOR_REVIEW
[2026-09-11T06:07Z] cron: WAITING_FOR_REVIEW
[2026-09-11T06:37Z] cron: WAITING_FOR_REVIEW
[2026-09-11T07:07Z] cron: WAITING_FOR_REVIEW
[2026-09-11T07:37Z] cron: WAITING_FOR_REVIEW
[2026-09-11T08:07Z] cron: WAITING_FOR_REVIEW
[2026-09-11T08:37Z] cron: WAITING_FOR_REVIEW
[2026-09-11T09:07Z] cron: WAITING_FOR_REVIEW
[2026-09-11T09:37Z] cron: WAITING_FOR_REVIEW
[2026-09-11T10:07Z] cron: WAITING_FOR_REVIEW
[2026-09-11T10:37Z] cron: WAITING_FOR_REVIEW
[2026-09-11T11:07Z] cron: WAITING_FOR_REVIEW
[2026-09-11T11:37Z] cron: WAITING_FOR_REVIEW
[2026-09-11T12:07Z] cron: WAITING_FOR_REVIEW
[2026-09-11T12:37Z] cron: WAITING_FOR_REVIEW
[2026-09-11T13:07Z] cron: WAITING_FOR_REVIEW
[2026-09-11T13:37Z] cron: WAITING_FOR_REVIEW
[2026-09-11T14:08Z] cron: WAITING_FOR_REVIEW
[2026-09-11T14:38Z] cron: WAITING_FOR_REVIEW
[2026-09-11T15:08Z] cron: WAITING_FOR_REVIEW
[2026-09-11T15:38Z] cron: WAITING_FOR_REVIEW
[2026-09-11T16:08Z] cron: WAITING_FOR_REVIEW
[2026-09-11T16:38Z] cron: WAITING_FOR_REVIEW
[2026-09-11T17:08Z] cron: null
[2026-09-11T17:38Z] cron: WAITING_FOR_REVIEW
[2026-09-11T18:08Z] cron: WAITING_FOR_REVIEW
[2026-09-11T18:38Z] cron: WAITING_FOR_REVIEW
[2026-09-11T19:08Z] cron: null
[2026-09-11T19:38Z] cron: WAITING_FOR_REVIEW
[2026-09-11T20:08Z] cron: WAITING_FOR_REVIEW
[2026-09-11T20:38Z] cron: WAITING_FOR_REVIEW
[2026-09-11T21:08Z] cron: WAITING_FOR_REVIEW
[2026-09-11T21:38Z] cron: WAITING_FOR_REVIEW
[2026-09-11T22:08Z] cron: null
[2026-09-11T22:38Z] cron: null
[2026-09-11T23:08Z] cron: null
[2026-09-11T23:26Z] cron: null
[2026-09-12T02:59Z] cron: WAITING_FOR_REVIEW
[2026-09-12T03:29Z] cron: WAITING_FOR_REVIEW
[2026-09-12T03:59Z] cron: WAITING_FOR_REVIEW
[2026-09-12T04:29Z] cron: WAITING_FOR_REVIEW
[2026-09-12T04:59Z] cron: WAITING_FOR_REVIEW
[2026-09-12T05:29Z] cron: WAITING_FOR_REVIEW
[2026-09-12T05:59Z] cron: WAITING_FOR_REVIEW
[2026-09-12T06:29Z] cron: WAITING_FOR_REVIEW
[2026-09-12T07:00Z] cron: WAITING_FOR_REVIEW
[2026-09-12T07:30Z] cron: WAITING_FOR_REVIEW
[2026-09-12T08:00Z] cron: WAITING_FOR_REVIEW
[2026-09-12T08:30Z] cron: WAITING_FOR_REVIEW
[2026-09-12T09:00Z] cron: WAITING_FOR_REVIEW
[2026-09-12T09:30Z] cron: WAITING_FOR_REVIEW
[2026-09-12T10:00Z] cron: WAITING_FOR_REVIEW
[2026-09-12T10:30Z] cron: WAITING_FOR_REVIEW
[2026-09-12T11:00Z] cron: WAITING_FOR_REVIEW
[2026-09-12T11:30Z] cron: WAITING_FOR_REVIEW
[2026-09-12T12:00Z] cron: WAITING_FOR_REVIEW
[2026-09-12T12:30Z] cron: WAITING_FOR_REVIEW
[2026-09-12T13:00Z] cron: WAITING_FOR_REVIEW
[2026-09-12T13:30Z] cron: WAITING_FOR_REVIEW
[2026-09-12T14:00Z] cron: WAITING_FOR_REVIEW
[2026-09-12T14:30Z] cron: WAITING_FOR_REVIEW
[2026-09-12T15:00Z] cron: WAITING_FOR_REVIEW
[2026-09-12T15:30Z] cron: WAITING_FOR_REVIEW
[2026-09-12T16:00Z] cron: WAITING_FOR_REVIEW
[2026-09-12T16:30Z] cron: WAITING_FOR_REVIEW
[2026-09-12T17:00Z] cron: WAITING_FOR_REVIEW
[2026-09-12T17:30Z] cron: WAITING_FOR_REVIEW
[2026-09-12T18:00Z] cron: WAITING_FOR_REVIEW
[2026-09-12T18:30Z] cron: WAITING_FOR_REVIEW
[2026-09-12T19:00Z] cron: WAITING_FOR_REVIEW
[2026-09-12T19:30Z] cron: WAITING_FOR_REVIEW
[2026-09-12T20:00Z] cron: WAITING_FOR_REVIEW
[2026-09-12T20:30Z] cron: WAITING_FOR_REVIEW
[2026-09-12T21:00Z] cron: WAITING_FOR_REVIEW
[2026-09-12T21:30Z] cron: WAITING_FOR_REVIEW
[2026-09-12T22:00Z] cron: WAITING_FOR_REVIEW
[2026-09-12T22:30Z] cron: WAITING_FOR_REVIEW
[2026-09-12T23:00Z] cron: WAITING_FOR_REVIEW
[2026-09-12T23:30Z] cron: WAITING_FOR_REVIEW
[2026-09-13T00:00Z] cron: WAITING_FOR_REVIEW
[2026-09-13T00:30Z] cron: WAITING_FOR_REVIEW
[2026-09-13T01:00Z] cron: WAITING_FOR_REVIEW
[2026-09-13T01:30Z] cron: WAITING_FOR_REVIEW
[2026-09-13T02:00Z] cron: WAITING_FOR_REVIEW
[2026-09-13T02:30Z] cron: WAITING_FOR_REVIEW
[2026-09-13T03:00Z] cron: WAITING_FOR_REVIEW
[2026-09-13T03:30Z] cron: WAITING_FOR_REVIEW
[2026-09-13T04:00Z] cron: WAITING_FOR_REVIEW
[2026-09-13T04:30Z] cron: WAITING_FOR_REVIEW
[2026-09-13T05:00Z] cron: WAITING_FOR_REVIEW
[2026-09-13T05:30Z] cron: WAITING_FOR_REVIEW
[2026-09-13T06:00Z] cron: null
[2026-09-13T06:30Z] cron: null
[2026-09-13T07:00Z] cron: null
[2026-09-13T07:30Z] cron: null
[2026-09-13T08:00Z] cron: null
[2026-09-13T08:30Z] cron: null
[2026-09-13T09:00Z] cron: null
[2026-09-13T09:30Z] cron: null
[2026-09-13T10:00Z] cron: null
[2026-09-13T10:30Z] cron: null
[2026-09-13T11:00Z] cron: null
[2026-09-13T11:30Z] cron: null
[2026-09-13T12:00Z] cron: null
[2026-09-13T12:30Z] cron: null
[2026-09-13T13:00Z] cron: null
[2026-09-13T13:30Z] cron: null
[2026-09-13T14:00Z] cron: null
[2026-09-13T14:30Z] cron: null
[2026-09-13T15:00Z] cron: null
[2026-09-13T15:30Z] cron: null
[2026-09-13T16:00Z] cron: null
[2026-09-13T16:30Z] cron: null
[2026-09-13T17:00Z] cron: null
[2026-09-13T17:30Z] cron: null
[2026-09-13T18:00Z] cron: null
[2026-09-13T18:30Z] cron: null
[2026-09-13T19:00Z] cron: null
[2026-09-13T19:30Z] cron: null
[2026-09-13T20:00Z] cron: WAITING_FOR_REVIEW
[2026-09-13T20:30Z] cron: WAITING_FOR_REVIEW
[2026-09-13T21:00Z] cron: WAITING_FOR_REVIEW
[2026-09-13T21:30Z] cron: WAITING_FOR_REVIEW
[2026-09-13T22:00Z] cron: WAITING_FOR_REVIEW
[2026-09-13T22:30Z] cron: WAITING_FOR_REVIEW
[2026-09-13T23:00Z] cron: WAITING_FOR_REVIEW
[2026-09-13T23:30Z] cron: WAITING_FOR_REVIEW
[2026-09-14T00:01Z] cron: WAITING_FOR_REVIEW
[2026-09-14T00:31Z] cron: WAITING_FOR_REVIEW
[2026-09-14T01:01Z] cron: WAITING_FOR_REVIEW
[2026-09-14T01:19Z] cron: WAITING_FOR_REVIEW
[2026-09-14T01:32Z] cron: WAITING_FOR_REVIEW
[2026-09-14T02:02Z] cron: WAITING_FOR_REVIEW
[2026-09-14T02:32Z] cron: WAITING_FOR_REVIEW
[2026-09-14T03:02Z] cron: WAITING_FOR_REVIEW
[2026-09-14T03:32Z] cron: WAITING_FOR_REVIEW
[2026-09-14T04:02Z] cron: WAITING_FOR_REVIEW
[2026-09-14T04:32Z] cron: WAITING_FOR_REVIEW
[2026-09-14T05:02Z] cron: WAITING_FOR_REVIEW
[2026-09-14T05:32Z] cron: WAITING_FOR_REVIEW
[2026-09-14T06:02Z] cron: WAITING_FOR_REVIEW
[2026-09-14T06:32Z] cron: WAITING_FOR_REVIEW
[2026-09-14T06:54Z] cron: WAITING_FOR_REVIEW
[2026-09-14T07:24Z] cron: WAITING_FOR_REVIEW
[2026-09-14T07:54Z] cron: WAITING_FOR_REVIEW
[2026-09-14T08:24Z] cron: WAITING_FOR_REVIEW
[2026-09-14T08:54Z] cron: WAITING_FOR_REVIEW
[2026-09-14T09:24Z] cron: WAITING_FOR_REVIEW
[2026-09-14T09:54Z] cron: WAITING_FOR_REVIEW
[2026-09-14T10:24Z] cron: WAITING_FOR_REVIEW
[2026-09-14T10:54Z] cron: WAITING_FOR_REVIEW
[2026-09-14T11:24Z] cron: WAITING_FOR_REVIEW
[2026-09-14T11:54Z] cron: WAITING_FOR_REVIEW
[2026-09-14T12:24Z] cron: WAITING_FOR_REVIEW
[2026-09-14T12:54Z] cron: WAITING_FOR_REVIEW
[2026-09-14T13:24Z] cron: WAITING_FOR_REVIEW
[2026-09-14T13:54Z] cron: WAITING_FOR_REVIEW
[2026-09-14T14:24Z] *** CHANGE *** WAITING_FOR_REVIEW -> IN_REVIEW
[2026-09-14T14:54Z] cron: IN_REVIEW (already notified)
[2026-09-14T15:24Z] cron: null
[2026-09-14T15:54Z] cron: null
[2026-09-14T16:24Z] cron: null
[2026-09-14T16:54Z] cron: null
[2026-09-14T17:24Z] *** CHANGE *** WAITING_FOR_REVIEW -> REJECTED
[2026-09-14T17:54Z] cron: REJECTED (already notified)
[2026-09-14T18:24Z] cron: REJECTED (already notified)
[2026-09-14T18:38Z] resubmitted build 10 (3.1.1/2.3.6 fix) -> WAITING_FOR_REVIEW (sub b739286d)
[2026-09-14T18:54Z] cron: WAITING_FOR_REVIEW
[2026-09-14T19:24Z] cron: WAITING_FOR_REVIEW
[2026-09-14T19:54Z] cron: null
[2026-09-14T20:24Z] cron: WAITING_FOR_REVIEW
[2026-09-14T20:54Z] cron: WAITING_FOR_REVIEW
[2026-09-14T21:24Z] cron: WAITING_FOR_REVIEW
[2026-09-14T21:54Z] cron: null
[2026-09-14T22:24Z] cron: null
[2026-09-14T22:54Z] cron: null
[2026-09-14T23:24Z] cron: null
[2026-09-14T23:54Z] cron: WAITING_FOR_REVIEW
[2026-09-15T00:24Z] cron: null
[2026-09-15T00:54Z] cron: null
[2026-09-15T01:24Z] cron: null
[2026-09-15T01:54Z] cron: WAITING_FOR_REVIEW
[2026-09-15T02:24Z] cron: WAITING_FOR_REVIEW
[2026-09-15T02:54Z] cron: WAITING_FOR_REVIEW
[2026-09-15T03:24Z] cron: WAITING_FOR_REVIEW
[2026-09-15T03:54Z] cron: WAITING_FOR_REVIEW
[2026-09-15T04:24Z] cron: WAITING_FOR_REVIEW
[2026-09-15T04:54Z] cron: WAITING_FOR_REVIEW
[2026-09-15T05:24Z] cron: WAITING_FOR_REVIEW
[2026-09-15T05:54Z] cron: WAITING_FOR_REVIEW
[2026-09-15T06:24Z] cron: WAITING_FOR_REVIEW
[2026-09-15T06:54Z] cron: WAITING_FOR_REVIEW
[2026-09-15T07:24Z] cron: WAITING_FOR_REVIEW
[2026-09-15T07:54Z] cron: WAITING_FOR_REVIEW
[2026-09-15T08:25Z] cron: WAITING_FOR_REVIEW
[2026-09-15T08:55Z] cron: WAITING_FOR_REVIEW
[2026-09-15T09:25Z] cron: WAITING_FOR_REVIEW
[2026-09-15T09:55Z] cron: WAITING_FOR_REVIEW
[2026-09-15T10:25Z] cron: WAITING_FOR_REVIEW
[2026-09-15T10:55Z] cron: WAITING_FOR_REVIEW
[2026-09-15T11:25Z] cron: WAITING_FOR_REVIEW
[2026-09-15T11:55Z] cron: WAITING_FOR_REVIEW
[2026-09-15T12:25Z] cron: WAITING_FOR_REVIEW
[2026-09-15T12:55Z] cron: WAITING_FOR_REVIEW
[2026-09-15T13:25Z] cron: WAITING_FOR_REVIEW
[2026-09-15T13:55Z] cron: WAITING_FOR_REVIEW
[2026-09-15T14:25Z] cron: WAITING_FOR_REVIEW
[2026-09-15T14:55Z] cron: WAITING_FOR_REVIEW
[2026-09-15T15:25Z] cron: WAITING_FOR_REVIEW
[2026-09-15T15:55Z] cron: WAITING_FOR_REVIEW
[2026-09-15T16:25Z] cron: WAITING_FOR_REVIEW
[2026-09-15T16:55Z] cron: WAITING_FOR_REVIEW
[2026-09-15T17:25Z] cron: WAITING_FOR_REVIEW
[2026-09-15T17:55Z] cron: WAITING_FOR_REVIEW
[2026-09-15T18:25Z] cron: WAITING_FOR_REVIEW
[2026-09-15T18:55Z] cron: WAITING_FOR_REVIEW
[2026-09-15T19:25Z] cron: WAITING_FOR_REVIEW
[2026-09-15T19:55Z] cron: WAITING_FOR_REVIEW
[2026-09-15T20:25Z] cron: WAITING_FOR_REVIEW
[2026-09-15T20:55Z] cron: WAITING_FOR_REVIEW
[2026-09-15T21:25Z] cron: WAITING_FOR_REVIEW
[2026-09-15T21:55Z] cron: WAITING_FOR_REVIEW
[2026-09-15T22:25Z] cron: WAITING_FOR_REVIEW
[2026-09-15T22:55Z] cron: WAITING_FOR_REVIEW
[2026-09-15T23:25Z] cron: WAITING_FOR_REVIEW
[2026-09-15T23:55Z] cron: WAITING_FOR_REVIEW
[2026-09-16T00:25Z] cron: WAITING_FOR_REVIEW
[2026-09-16T00:55Z] cron: WAITING_FOR_REVIEW
[2026-09-16T01:25Z] cron: WAITING_FOR_REVIEW
[2026-09-16T01:55Z] cron: WAITING_FOR_REVIEW
[2026-09-16T02:25Z] cron: WAITING_FOR_REVIEW
[2026-09-16T02:55Z] cron: WAITING_FOR_REVIEW
[2026-09-16T03:25Z] cron: WAITING_FOR_REVIEW
[2026-09-16T03:55Z] cron: WAITING_FOR_REVIEW
[2026-09-16T04:25Z] cron: WAITING_FOR_REVIEW
[2026-09-16T04:55Z] cron: WAITING_FOR_REVIEW
[2026-09-16T05:25Z] cron: WAITING_FOR_REVIEW
[2026-09-16T05:55Z] cron: WAITING_FOR_REVIEW
[2026-09-16T06:25Z] cron: WAITING_FOR_REVIEW
[2026-09-16T06:55Z] cron: WAITING_FOR_REVIEW
[2026-09-16T07:25Z] cron: WAITING_FOR_REVIEW
[2026-09-16T07:55Z] cron: WAITING_FOR_REVIEW
[2026-09-16T08:25Z] cron: WAITING_FOR_REVIEW
[2026-09-16T08:55Z] cron: WAITING_FOR_REVIEW
[2026-09-16T09:25Z] cron: WAITING_FOR_REVIEW
[2026-09-16T09:55Z] cron: WAITING_FOR_REVIEW
[2026-09-16T10:25Z] cron: WAITING_FOR_REVIEW
[2026-09-16T10:55Z] cron: WAITING_FOR_REVIEW
[2026-09-16T11:25Z] cron: WAITING_FOR_REVIEW
[2026-09-16T11:55Z] cron: WAITING_FOR_REVIEW
[2026-09-16T12:25Z] cron: WAITING_FOR_REVIEW
[2026-09-16T12:55Z] cron: WAITING_FOR_REVIEW
[2026-09-16T13:25Z] cron: WAITING_FOR_REVIEW
[2026-09-16T13:55Z] cron: WAITING_FOR_REVIEW
[2026-09-16T14:25Z] cron: WAITING_FOR_REVIEW
[2026-09-16T14:55Z] cron: WAITING_FOR_REVIEW
[2026-09-16T15:26Z] cron: WAITING_FOR_REVIEW
[2026-09-16T15:56Z] cron: WAITING_FOR_REVIEW
[2026-09-16T16:26Z] cron: WAITING_FOR_REVIEW
[2026-09-16T16:56Z] cron: WAITING_FOR_REVIEW
[2026-09-16T17:26Z] cron: WAITING_FOR_REVIEW
[2026-09-16T17:56Z] cron: WAITING_FOR_REVIEW
[2026-09-16T18:26Z] cron: WAITING_FOR_REVIEW
[2026-09-16T18:56Z] cron: WAITING_FOR_REVIEW
[2026-09-16T19:26Z] cron: WAITING_FOR_REVIEW
[2026-09-16T19:56Z] cron: WAITING_FOR_REVIEW
[2026-09-16T20:26Z] cron: WAITING_FOR_REVIEW
[2026-09-16T20:56Z] cron: null
[2026-09-16T21:26Z] cron: null
[2026-09-16T21:56Z] cron: null
[2026-09-16T22:26Z] cron: null
[2026-09-16T22:56Z] cron: null
[2026-09-16T23:26Z] cron: WAITING_FOR_REVIEW
[2026-09-16T23:56Z] cron: WAITING_FOR_REVIEW
[2026-09-17T00:26Z] cron: WAITING_FOR_REVIEW
[2026-09-17T00:56Z] cron: WAITING_FOR_REVIEW
[2026-09-17T01:26Z] cron: WAITING_FOR_REVIEW
[2026-09-17T01:56Z] cron: WAITING_FOR_REVIEW
[2026-09-17T02:26Z] cron: WAITING_FOR_REVIEW
[2026-09-17T02:56Z] cron: WAITING_FOR_REVIEW
[2026-09-17T03:26Z] cron: WAITING_FOR_REVIEW
[2026-09-17T03:56Z] cron: WAITING_FOR_REVIEW
[2026-09-17T04:26Z] cron: WAITING_FOR_REVIEW
[2026-09-17T04:56Z] cron: WAITING_FOR_REVIEW
[2026-09-17T05:26Z] cron: WAITING_FOR_REVIEW
[2026-09-17T05:56Z] cron: WAITING_FOR_REVIEW
[2026-09-17T06:26Z] cron: WAITING_FOR_REVIEW
[2026-09-17T06:56Z] cron: WAITING_FOR_REVIEW
[2026-09-17T07:26Z] cron: WAITING_FOR_REVIEW
[2026-09-17T07:56Z] *** CHANGE *** WAITING_FOR_REVIEW -> IN_REVIEW
[2026-09-17T08:26Z] *** CHANGE *** WAITING_FOR_REVIEW -> REJECTED
[2026-09-17T08:56Z] cron: REJECTED (already notified)
[2026-09-17T09:26Z] cron: REJECTED (already notified)
